// Jest Snapshot v1, https://goo.gl/fbAQLP

exports[`Snapshot 1`] = `
Object {
  "Outputs": Object {
    "UiAccessUrl": Object {
      "Value": "https://undefined/",
    },
    "UiCloudFrontUrl": Object {
      "Value": Object {
        "Fn::Join": Array [
          "",
          Array [
            "https://",
            Object {
              "Fn::GetAtt": Array [
                "cfndistributionCFDistributionBEDBC4FD",
                "DomainName",
              ],
            },
            "/",
          ],
        ],
      },
    },
  },
  "Parameters": Object {
    "AssetParametersabb3bd7dff29c41d61752db4f963df1709f8b0fab699aa779ac57f0352404601ArtifactHashBD3FCB86": Object {
      "Description": "Artifact hash for asset \\"abb3bd7dff29c41d61752db4f963df1709f8b0fab699aa779ac57f0352404601\\"",
      "Type": "String",
    },
    "AssetParametersabb3bd7dff29c41d61752db4f963df1709f8b0fab699aa779ac57f0352404601S3Bucket284F96CE": Object {
      "Description": "S3 bucket for asset \\"abb3bd7dff29c41d61752db4f963df1709f8b0fab699aa779ac57f0352404601\\"",
      "Type": "String",
    },
    "AssetParametersabb3bd7dff29c41d61752db4f963df1709f8b0fab699aa779ac57f0352404601S3VersionKey18236449": Object {
      "Description": "S3 key for asset version \\"abb3bd7dff29c41d61752db4f963df1709f8b0fab699aa779ac57f0352404601\\"",
      "Type": "String",
    },
    "AssetParameterse3d9996b6fafcc7da88312672e15e3cc925b02cffc6f01a615d81f22303e3ae0ArtifactHash9D8F179A": Object {
      "Description": "Artifact hash for asset \\"e3d9996b6fafcc7da88312672e15e3cc925b02cffc6f01a615d81f22303e3ae0\\"",
      "Type": "String",
    },
    "AssetParameterse3d9996b6fafcc7da88312672e15e3cc925b02cffc6f01a615d81f22303e3ae0S3BucketB3DDCC13": Object {
      "Description": "S3 bucket for asset \\"e3d9996b6fafcc7da88312672e15e3cc925b02cffc6f01a615d81f22303e3ae0\\"",
      "Type": "String",
    },
    "AssetParameterse3d9996b6fafcc7da88312672e15e3cc925b02cffc6f01a615d81f22303e3ae0S3VersionKey3418DF70": Object {
      "Description": "S3 key for asset version \\"e3d9996b6fafcc7da88312672e15e3cc925b02cffc6f01a615d81f22303e3ae0\\"",
      "Type": "String",
    },
    "AssetParameterse9882ab123687399f934da0d45effe675ecc8ce13b40cb946f3e1d6141fe8d68ArtifactHashD9A515C3": Object {
      "Description": "Artifact hash for asset \\"e9882ab123687399f934da0d45effe675ecc8ce13b40cb946f3e1d6141fe8d68\\"",
      "Type": "String",
    },
    "AssetParameterse9882ab123687399f934da0d45effe675ecc8ce13b40cb946f3e1d6141fe8d68S3BucketAEADE8C7": Object {
      "Description": "S3 bucket for asset \\"e9882ab123687399f934da0d45effe675ecc8ce13b40cb946f3e1d6141fe8d68\\"",
      "Type": "String",
    },
    "AssetParameterse9882ab123687399f934da0d45effe675ecc8ce13b40cb946f3e1d6141fe8d68S3VersionKeyE415415F": Object {
      "Description": "S3 key for asset version \\"e9882ab123687399f934da0d45effe675ecc8ce13b40cb946f3e1d6141fe8d68\\"",
      "Type": "String",
    },
  },
  "Resources": Object {
    "CustomCDKBucketDeployment8693BB64968944B69AAFB0CC9EB8756C81C01536": Object {
      "DependsOn": Array [
        "CustomCDKBucketDeployment8693BB64968944B69AAFB0CC9EB8756CServiceRoleDefaultPolicy88902FDF",
        "CustomCDKBucketDeployment8693BB64968944B69AAFB0CC9EB8756CServiceRole89A01265",
      ],
      "Properties": Object {
        "Code": Object {
          "S3Bucket": Object {
            "Ref": "AssetParameterse3d9996b6fafcc7da88312672e15e3cc925b02cffc6f01a615d81f22303e3ae0S3BucketB3DDCC13",
          },
          "S3Key": Object {
            "Fn::Join": Array [
              "",
              Array [
                Object {
                  "Fn::Select": Array [
                    0,
                    Object {
                      "Fn::Split": Array [
                        "||",
                        Object {
                          "Ref": "AssetParameterse3d9996b6fafcc7da88312672e15e3cc925b02cffc6f01a615d81f22303e3ae0S3VersionKey3418DF70",
                        },
                      ],
                    },
                  ],
                },
                Object {
                  "Fn::Select": Array [
                    1,
                    Object {
                      "Fn::Split": Array [
                        "||",
                        Object {
                          "Ref": "AssetParameterse3d9996b6fafcc7da88312672e15e3cc925b02cffc6f01a615d81f22303e3ae0S3VersionKey3418DF70",
                        },
                      ],
                    },
                  ],
                },
              ],
            ],
          },
        },
        "Handler": "index.handler",
        "Layers": Array [
          Object {
            "Ref": "s3deployAwsCliLayer46C4636C",
          },
        ],
        "Role": Object {
          "Fn::GetAtt": Array [
            "CustomCDKBucketDeployment8693BB64968944B69AAFB0CC9EB8756CServiceRole89A01265",
            "Arn",
          ],
        },
        "Runtime": "python3.7",
        "Timeout": 900,
      },
      "Type": "AWS::Lambda::Function",
    },
    "CustomCDKBucketDeployment8693BB64968944B69AAFB0CC9EB8756CServiceRole89A01265": Object {
      "Properties": Object {
        "AssumeRolePolicyDocument": Object {
          "Statement": Array [
            Object {
              "Action": "sts:AssumeRole",
              "Effect": "Allow",
              "Principal": Object {
                "Service": "lambda.amazonaws.com",
              },
            },
          ],
          "Version": "2012-10-17",
        },
        "ManagedPolicyArns": Array [
          Object {
            "Fn::Join": Array [
              "",
              Array [
                "arn:",
                Object {
                  "Ref": "AWS::Partition",
                },
                ":iam::aws:policy/service-role/AWSLambdaBasicExecutionRole",
              ],
            ],
          },
        ],
      },
      "Type": "AWS::IAM::Role",
    },
    "CustomCDKBucketDeployment8693BB64968944B69AAFB0CC9EB8756CServiceRoleDefaultPolicy88902FDF": Object {
      "Properties": Object {
        "PolicyDocument": Object {
          "Statement": Array [
            Object {
              "Action": Array [
                "s3:GetObject*",
                "s3:GetBucket*",
                "s3:List*",
              ],
              "Effect": "Allow",
              "Resource": Array [
                Object {
                  "Fn::Join": Array [
                    "",
                    Array [
                      "arn:",
                      Object {
                        "Ref": "AWS::Partition",
                      },
                      ":s3:::",
                      Object {
                        "Ref": "AssetParametersabb3bd7dff29c41d61752db4f963df1709f8b0fab699aa779ac57f0352404601S3Bucket284F96CE",
                      },
                    ],
                  ],
                },
                Object {
                  "Fn::Join": Array [
                    "",
                    Array [
                      "arn:",
                      Object {
                        "Ref": "AWS::Partition",
                      },
                      ":s3:::",
                      Object {
                        "Ref": "AssetParametersabb3bd7dff29c41d61752db4f963df1709f8b0fab699aa779ac57f0352404601S3Bucket284F96CE",
                      },
                      "/*",
                    ],
                  ],
                },
              ],
            },
            Object {
              "Action": Array [
                "s3:GetObject*",
                "s3:GetBucket*",
                "s3:List*",
                "s3:DeleteObject*",
                "s3:PutObject*",
                "s3:Abort*",
              ],
              "Effect": "Allow",
              "Resource": Array [
                Object {
                  "Fn::GetAtt": Array [
                    "webbucket77AC4F5E",
                    "Arn",
                  ],
                },
                Object {
                  "Fn::Join": Array [
                    "",
                    Array [
                      Object {
                        "Fn::GetAtt": Array [
                          "webbucket77AC4F5E",
                          "Arn",
                        ],
                      },
                      "/*",
                    ],
                  ],
                },
              ],
            },
            Object {
              "Action": Array [
                "cloudfront:GetInvalidation",
                "cloudfront:CreateInvalidation",
              ],
              "Effect": "Allow",
              "Resource": "*",
            },
          ],
          "Version": "2012-10-17",
        },
        "PolicyName": "CustomCDKBucketDeployment8693BB64968944B69AAFB0CC9EB8756CServiceRoleDefaultPolicy88902FDF",
        "Roles": Array [
          Object {
            "Ref": "CustomCDKBucketDeployment8693BB64968944B69AAFB0CC9EB8756CServiceRole89A01265",
          },
        ],
      },
      "Type": "AWS::IAM::Policy",
    },
    "cfndistributionCFDistributionBEDBC4FD": Object {
      "Properties": Object {
        "DistributionConfig": Object {
          "Aliases": Array [],
          "CacheBehaviors": Array [
            Object {
              "AllowedMethods": Array [
                "DELETE",
                "GET",
                "HEAD",
                "OPTIONS",
                "PATCH",
                "POST",
                "PUT",
              ],
              "CachedMethods": Array [
                "GET",
                "HEAD",
              ],
              "Compress": true,
              "DefaultTTL": 0,
              "ForwardedValues": Object {
                "Headers": Array [
                  "Content-Type",
                  "Accept",
                  "Accept-Encoding",
                  "Accept-Language",
                  "Authorization",
                  "Origin",
                ],
                "QueryString": true,
              },
              "MaxTTL": 0,
              "MinTTL": 0,
              "PathPattern": Object {
                "Fn::Join": Array [
                  "",
                  Array [
                    Object {
                      "Fn::ImportValue": "api:ExportsOutputRefgameplayDeploymentStageapiE6CF920D69456EB3",
                    },
                    "/*",
                  ],
                ],
              },
              "TargetOriginId": "origin2",
              "ViewerProtocolPolicy": "redirect-to-https",
            },
          ],
          "DefaultCacheBehavior": Object {
            "AllowedMethods": Array [
              "GET",
              "HEAD",
            ],
            "CachedMethods": Array [
              "GET",
              "HEAD",
            ],
            "Compress": true,
            "ForwardedValues": Object {
              "Cookies": Object {
                "Forward": "none",
              },
              "QueryString": false,
            },
            "TargetOriginId": "origin1",
            "ViewerProtocolPolicy": "redirect-to-https",
          },
          "DefaultRootObject": "index.html",
          "Enabled": true,
          "HttpVersion": "http2",
          "IPV6Enabled": true,
          "Origins": Array [
            Object {
              "ConnectionAttempts": 3,
              "ConnectionTimeout": 10,
              "DomainName": Object {
                "Fn::GetAtt": Array [
                  "webbucket77AC4F5E",
                  "RegionalDomainName",
                ],
              },
              "Id": "origin1",
              "S3OriginConfig": Object {
                "OriginAccessIdentity": Object {
                  "Fn::Join": Array [
                    "",
                    Array [
                      "origin-access-identity/cloudfront/",
                      Object {
                        "Ref": "weboai463C5C5E",
                      },
                    ],
                  ],
                },
              },
            },
            Object {
              "ConnectionAttempts": 3,
              "ConnectionTimeout": 10,
              "CustomOriginConfig": Object {
                "HTTPPort": 80,
                "HTTPSPort": 443,
                "OriginKeepaliveTimeout": 5,
                "OriginProtocolPolicy": "https-only",
                "OriginReadTimeout": 30,
                "OriginSSLProtocols": Array [
                  "TLSv1.2",
                ],
              },
              "DomainName": Object {
                "Fn::Join": Array [
                  "",
                  Array [
                    Object {
                      "Fn::ImportValue": "api:ExportsOutputRefgameplayCFF713D3EF165255",
                    },
                    ".execute-api.",
                    Object {
                      "Ref": "AWS::Region",
                    },
                    ".",
                    Object {
                      "Ref": "AWS::URLSuffix",
                    },
                  ],
                ],
              },
              "Id": "origin2",
            },
          ],
          "PriceClass": "PriceClass_200",
          "ViewerCertificate": Object {
            "CloudFrontDefaultCertificate": true,
          },
        },
      },
      "Type": "AWS::CloudFront::Distribution",
    },
    "s3deployAwsCliLayer46C4636C": Object {
      "Properties": Object {
        "Content": Object {
          "S3Bucket": Object {
            "Ref": "AssetParameterse9882ab123687399f934da0d45effe675ecc8ce13b40cb946f3e1d6141fe8d68S3BucketAEADE8C7",
          },
          "S3Key": Object {
            "Fn::Join": Array [
              "",
              Array [
                Object {
                  "Fn::Select": Array [
                    0,
                    Object {
                      "Fn::Split": Array [
                        "||",
                        Object {
                          "Ref": "AssetParameterse9882ab123687399f934da0d45effe675ecc8ce13b40cb946f3e1d6141fe8d68S3VersionKeyE415415F",
                        },
                      ],
                    },
                  ],
                },
                Object {
                  "Fn::Select": Array [
                    1,
                    Object {
                      "Fn::Split": Array [
                        "||",
                        Object {
                          "Ref": "AssetParameterse9882ab123687399f934da0d45effe675ecc8ce13b40cb946f3e1d6141fe8d68S3VersionKeyE415415F",
                        },
                      ],
                    },
                  ],
                },
              ],
            ],
          },
        },
        "Description": "/opt/awscli/aws",
      },
      "Type": "AWS::Lambda::LayerVersion",
    },
    "s3deployCustomResource1CD3FAE7": Object {
      "DeletionPolicy": "Delete",
      "Properties": Object {
        "DestinationBucketName": Object {
          "Ref": "webbucket77AC4F5E",
        },
        "DistributionId": Object {
          "Ref": "cfndistributionCFDistributionBEDBC4FD",
        },
        "Prune": true,
        "ServiceToken": Object {
          "Fn::GetAtt": Array [
            "CustomCDKBucketDeployment8693BB64968944B69AAFB0CC9EB8756C81C01536",
            "Arn",
          ],
        },
        "SourceBucketNames": Array [
          Object {
            "Ref": "AssetParametersabb3bd7dff29c41d61752db4f963df1709f8b0fab699aa779ac57f0352404601S3Bucket284F96CE",
          },
        ],
        "SourceObjectKeys": Array [
          Object {
            "Fn::Join": Array [
              "",
              Array [
                Object {
                  "Fn::Select": Array [
                    0,
                    Object {
                      "Fn::Split": Array [
                        "||",
                        Object {
                          "Ref": "AssetParametersabb3bd7dff29c41d61752db4f963df1709f8b0fab699aa779ac57f0352404601S3VersionKey18236449",
                        },
                      ],
                    },
                  ],
                },
                Object {
                  "Fn::Select": Array [
                    1,
                    Object {
                      "Fn::Split": Array [
                        "||",
                        Object {
                          "Ref": "AssetParametersabb3bd7dff29c41d61752db4f963df1709f8b0fab699aa779ac57f0352404601S3VersionKey18236449",
                        },
                      ],
                    },
                  ],
                },
              ],
            ],
          },
        ],
      },
      "Type": "Custom::CDKBucketDeployment",
      "UpdateReplacePolicy": "Delete",
    },
    "webbucket77AC4F5E": Object {
      "DeletionPolicy": "Retain",
      "Properties": Object {
        "BucketEncryption": Object {
          "ServerSideEncryptionConfiguration": Array [
            Object {
              "ServerSideEncryptionByDefault": Object {
                "SSEAlgorithm": "AES256",
              },
            },
          ],
        },
        "PublicAccessBlockConfiguration": Object {
          "BlockPublicAcls": true,
          "BlockPublicPolicy": true,
          "IgnorePublicAcls": true,
          "RestrictPublicBuckets": true,
        },
        "Tags": Array [
          Object {
            "Key": "aws-cdk:cr-owned:c946f39f",
            "Value": "true",
          },
        ],
      },
      "Type": "AWS::S3::Bucket",
      "UpdateReplacePolicy": "Retain",
    },
    "webbucketPolicy99027222": Object {
      "Properties": Object {
        "Bucket": Object {
          "Ref": "webbucket77AC4F5E",
        },
        "PolicyDocument": Object {
          "Statement": Array [
            Object {
              "Action": "s3:GetObject",
              "Effect": "Allow",
              "Principal": Object {
                "CanonicalUser": Object {
                  "Fn::GetAtt": Array [
                    "weboai463C5C5E",
                    "S3CanonicalUserId",
                  ],
                },
              },
              "Resource": Object {
                "Fn::Join": Array [
                  "",
                  Array [
                    Object {
                      "Fn::GetAtt": Array [
                        "webbucket77AC4F5E",
                        "Arn",
                      ],
                    },
                    "/*",
                  ],
                ],
              },
            },
          ],
          "Version": "2012-10-17",
        },
      },
      "Type": "AWS::S3::BucketPolicy",
    },
    "weboai463C5C5E": Object {
      "Properties": Object {
        "CloudFrontOriginAccessIdentityConfig": Object {
          "Comment": "s3 access.",
        },
      },
      "Type": "AWS::CloudFront::CloudFrontOriginAccessIdentity",
    },
  },
}
`;
