// Jest Snapshot v1, https://goo.gl/fbAQLP

exports[`Snapshot 1`] = `
Object {
  "Outputs": Object {
    "ApiUrl": Object {
      "Value": Object {
        "Fn::Join": Array [
          "",
          Array [
            "https://",
            Object {
              "Ref": "gameplayCFF713D3",
            },
            ".execute-api.",
            Object {
              "Ref": "AWS::Region",
            },
            ".",
            Object {
              "Ref": "AWS::URLSuffix",
            },
            "/",
            Object {
              "Ref": "gameplayDeploymentStageprodCD6A8D4E",
            },
            "/",
          ],
        ],
      },
    },
    "gameplayEndpoint614F499E": Object {
      "Value": Object {
        "Fn::Join": Array [
          "",
          Array [
            "https://",
            Object {
              "Ref": "gameplayCFF713D3",
            },
            ".execute-api.",
            Object {
              "Ref": "AWS::Region",
            },
            ".",
            Object {
              "Ref": "AWS::URLSuffix",
            },
            "/",
            Object {
              "Ref": "gameplayDeploymentStageprodCD6A8D4E",
            },
            "/",
          ],
        ],
      },
    },
  },
  "Parameters": Object {
    "AssetParameters007cddc6432877aa5880691a179f29b2b44a61766396d6912de97ff56b983360ArtifactHash27E3F396": Object {
      "Description": "Artifact hash for asset \\"007cddc6432877aa5880691a179f29b2b44a61766396d6912de97ff56b983360\\"",
      "Type": "String",
    },
    "AssetParameters007cddc6432877aa5880691a179f29b2b44a61766396d6912de97ff56b983360S3Bucket282AD72D": Object {
      "Description": "S3 bucket for asset \\"007cddc6432877aa5880691a179f29b2b44a61766396d6912de97ff56b983360\\"",
      "Type": "String",
    },
    "AssetParameters007cddc6432877aa5880691a179f29b2b44a61766396d6912de97ff56b983360S3VersionKey34329E62": Object {
      "Description": "S3 key for asset version \\"007cddc6432877aa5880691a179f29b2b44a61766396d6912de97ff56b983360\\"",
      "Type": "String",
    },
    "AssetParametersc13434f8f1aa2ea30fa577b2feb208a41368b11787b752e10bfc71fe8eb919d5ArtifactHashE9AE13B7": Object {
      "Description": "Artifact hash for asset \\"c13434f8f1aa2ea30fa577b2feb208a41368b11787b752e10bfc71fe8eb919d5\\"",
      "Type": "String",
    },
    "AssetParametersc13434f8f1aa2ea30fa577b2feb208a41368b11787b752e10bfc71fe8eb919d5S3Bucket51CDED69": Object {
      "Description": "S3 bucket for asset \\"c13434f8f1aa2ea30fa577b2feb208a41368b11787b752e10bfc71fe8eb919d5\\"",
      "Type": "String",
    },
    "AssetParametersc13434f8f1aa2ea30fa577b2feb208a41368b11787b752e10bfc71fe8eb919d5S3VersionKey50C3CFF0": Object {
      "Description": "S3 key for asset version \\"c13434f8f1aa2ea30fa577b2feb208a41368b11787b752e10bfc71fe8eb919d5\\"",
      "Type": "String",
    },
  },
  "Resources": Object {
    "LogRetentionaae0aa3c5b4d4f87b02d85b201efdd8aFD4BFC8A": Object {
      "DependsOn": Array [
        "LogRetentionaae0aa3c5b4d4f87b02d85b201efdd8aServiceRoleDefaultPolicyADDA7DEB",
        "LogRetentionaae0aa3c5b4d4f87b02d85b201efdd8aServiceRole9741ECFB",
      ],
      "Properties": Object {
        "Code": Object {
          "S3Bucket": Object {
            "Ref": "AssetParametersc13434f8f1aa2ea30fa577b2feb208a41368b11787b752e10bfc71fe8eb919d5S3Bucket51CDED69",
          },
          "S3Key": Object {
            "Fn::Join": Array [
              "",
              Array [
                Object {
                  "Fn::Select": Array [
                    0,
                    Object {
                      "Fn::Split": Array [
                        "||",
                        Object {
                          "Ref": "AssetParametersc13434f8f1aa2ea30fa577b2feb208a41368b11787b752e10bfc71fe8eb919d5S3VersionKey50C3CFF0",
                        },
                      ],
                    },
                  ],
                },
                Object {
                  "Fn::Select": Array [
                    1,
                    Object {
                      "Fn::Split": Array [
                        "||",
                        Object {
                          "Ref": "AssetParametersc13434f8f1aa2ea30fa577b2feb208a41368b11787b752e10bfc71fe8eb919d5S3VersionKey50C3CFF0",
                        },
                      ],
                    },
                  ],
                },
              ],
            ],
          },
        },
        "Handler": "index.handler",
        "Role": Object {
          "Fn::GetAtt": Array [
            "LogRetentionaae0aa3c5b4d4f87b02d85b201efdd8aServiceRole9741ECFB",
            "Arn",
          ],
        },
        "Runtime": "nodejs14.x",
      },
      "Type": "AWS::Lambda::Function",
    },
    "LogRetentionaae0aa3c5b4d4f87b02d85b201efdd8aServiceRole9741ECFB": Object {
      "Properties": Object {
        "AssumeRolePolicyDocument": Object {
          "Statement": Array [
            Object {
              "Action": "sts:AssumeRole",
              "Effect": "Allow",
              "Principal": Object {
                "Service": "lambda.amazonaws.com",
              },
            },
          ],
          "Version": "2012-10-17",
        },
        "ManagedPolicyArns": Array [
          Object {
            "Fn::Join": Array [
              "",
              Array [
                "arn:",
                Object {
                  "Ref": "AWS::Partition",
                },
                ":iam::aws:policy/service-role/AWSLambdaBasicExecutionRole",
              ],
            ],
          },
        ],
      },
      "Type": "AWS::IAM::Role",
    },
    "LogRetentionaae0aa3c5b4d4f87b02d85b201efdd8aServiceRoleDefaultPolicyADDA7DEB": Object {
      "Properties": Object {
        "PolicyDocument": Object {
          "Statement": Array [
            Object {
              "Action": Array [
                "logs:PutRetentionPolicy",
                "logs:DeleteRetentionPolicy",
              ],
              "Effect": "Allow",
              "Resource": "*",
            },
          ],
          "Version": "2012-10-17",
        },
        "PolicyName": "LogRetentionaae0aa3c5b4d4f87b02d85b201efdd8aServiceRoleDefaultPolicyADDA7DEB",
        "Roles": Array [
          Object {
            "Ref": "LogRetentionaae0aa3c5b4d4f87b02d85b201efdd8aServiceRole9741ECFB",
          },
        ],
      },
      "Type": "AWS::IAM::Policy",
    },
    "data7E2128CA": Object {
      "DeletionPolicy": "Delete",
      "Properties": Object {
        "AttributeDefinitions": Array [
          Object {
            "AttributeName": "_p_key",
            "AttributeType": "S",
          },
          Object {
            "AttributeName": "_s_key",
            "AttributeType": "S",
          },
          Object {
            "AttributeName": "_gsi1_p_key",
            "AttributeType": "S",
          },
          Object {
            "AttributeName": "_gsi1_s_key",
            "AttributeType": "S",
          },
        ],
        "BillingMode": "PAY_PER_REQUEST",
        "GlobalSecondaryIndexes": Array [
          Object {
            "IndexName": "GSI-1",
            "KeySchema": Array [
              Object {
                "AttributeName": "_gsi1_p_key",
                "KeyType": "HASH",
              },
              Object {
                "AttributeName": "_gsi1_s_key",
                "KeyType": "RANGE",
              },
            ],
            "Projection": Object {
              "ProjectionType": "ALL",
            },
          },
        ],
        "KeySchema": Array [
          Object {
            "AttributeName": "_p_key",
            "KeyType": "HASH",
          },
          Object {
            "AttributeName": "_s_key",
            "KeyType": "RANGE",
          },
        ],
      },
      "Type": "AWS::DynamoDB::Table",
      "UpdateReplacePolicy": "Delete",
    },
    "gameplayAccount6A9FD56E": Object {
      "DependsOn": Array [
        "gameplayCFF713D3",
      ],
      "Properties": Object {
        "CloudWatchRoleArn": Object {
          "Fn::GetAtt": Array [
            "gameplayCloudWatchRole3CD68CC0",
            "Arn",
          ],
        },
      },
      "Type": "AWS::ApiGateway::Account",
    },
    "gameplayCFF713D3": Object {
      "Properties": Object {
        "Name": "game-play",
        "Policy": Object {
          "Statement": Array [
            Object {
              "Action": "execute-api:Invoke",
              "Effect": "Allow",
              "Principal": Object {
                "AWS": "*",
              },
              "Resource": "execute-api:/prod/*",
            },
          ],
          "Version": "2012-10-17",
        },
      },
      "Type": "AWS::ApiGateway::RestApi",
    },
    "gameplayCloudWatchRole3CD68CC0": Object {
      "Properties": Object {
        "AssumeRolePolicyDocument": Object {
          "Statement": Array [
            Object {
              "Action": "sts:AssumeRole",
              "Effect": "Allow",
              "Principal": Object {
                "Service": "apigateway.amazonaws.com",
              },
            },
          ],
          "Version": "2012-10-17",
        },
        "ManagedPolicyArns": Array [
          Object {
            "Fn::Join": Array [
              "",
              Array [
                "arn:",
                Object {
                  "Ref": "AWS::Partition",
                },
                ":iam::aws:policy/service-role/AmazonAPIGatewayPushToCloudWatchLogs",
              ],
            ],
          },
        ],
      },
      "Type": "AWS::IAM::Role",
    },
    "gameplayDeployment07985458193910b7b75d6fd0a20c3b7ecbda6ca8": Object {
      "DependsOn": Array [
        "gameplayv1requestsrequestIdPUT2A3654A7",
        "gameplayv1requestsrequestIdE02902C3",
        "gameplayv1requestsGET6DA73213",
        "gameplayv1requestsPOST2A4681B6",
        "gameplayv1requestsF499FC16",
        "gameplayv10D29AA75",
      ],
      "Properties": Object {
        "Description": "Automatically created by the RestApi construct",
        "RestApiId": Object {
          "Ref": "gameplayCFF713D3",
        },
      },
      "Type": "AWS::ApiGateway::Deployment",
    },
    "gameplayDeploymentStageprodCD6A8D4E": Object {
      "DependsOn": Array [
        "gameplayAccount6A9FD56E",
      ],
      "Properties": Object {
        "DeploymentId": Object {
          "Ref": "gameplayDeployment07985458193910b7b75d6fd0a20c3b7ecbda6ca8",
        },
        "RestApiId": Object {
          "Ref": "gameplayCFF713D3",
        },
        "StageName": "prod",
        "TracingEnabled": true,
      },
      "Type": "AWS::ApiGateway::Stage",
    },
    "gameplayv10D29AA75": Object {
      "Properties": Object {
        "ParentId": Object {
          "Fn::GetAtt": Array [
            "gameplayCFF713D3",
            "RootResourceId",
          ],
        },
        "PathPart": "v1",
        "RestApiId": Object {
          "Ref": "gameplayCFF713D3",
        },
      },
      "Type": "AWS::ApiGateway::Resource",
    },
    "gameplayv1requestsF499FC16": Object {
      "Properties": Object {
        "ParentId": Object {
          "Ref": "gameplayv10D29AA75",
        },
        "PathPart": "requests",
        "RestApiId": Object {
          "Ref": "gameplayCFF713D3",
        },
      },
      "Type": "AWS::ApiGateway::Resource",
    },
    "gameplayv1requestsGET6DA73213": Object {
      "Properties": Object {
        "AuthorizationType": "NONE",
        "HttpMethod": "GET",
        "Integration": Object {
          "IntegrationHttpMethod": "POST",
          "Type": "AWS_PROXY",
          "Uri": Object {
            "Fn::Join": Array [
              "",
              Array [
                "arn:",
                Object {
                  "Ref": "AWS::Partition",
                },
                ":apigateway:",
                Object {
                  "Ref": "AWS::Region",
                },
                ":lambda:path/2015-03-31/functions/",
                Object {
                  "Fn::GetAtt": Array [
                    "requestsC775BB57",
                    "Arn",
                  ],
                },
                "/invocations",
              ],
            ],
          },
        },
        "ResourceId": Object {
          "Ref": "gameplayv1requestsF499FC16",
        },
        "RestApiId": Object {
          "Ref": "gameplayCFF713D3",
        },
      },
      "Type": "AWS::ApiGateway::Method",
    },
    "gameplayv1requestsGETApiPermissionTesttestgameplayE3B31E76GETv1requests2206B94B": Object {
      "Properties": Object {
        "Action": "lambda:InvokeFunction",
        "FunctionName": Object {
          "Fn::GetAtt": Array [
            "requestsC775BB57",
            "Arn",
          ],
        },
        "Principal": "apigateway.amazonaws.com",
        "SourceArn": Object {
          "Fn::Join": Array [
            "",
            Array [
              "arn:",
              Object {
                "Ref": "AWS::Partition",
              },
              ":execute-api:",
              Object {
                "Ref": "AWS::Region",
              },
              ":",
              Object {
                "Ref": "AWS::AccountId",
              },
              ":",
              Object {
                "Ref": "gameplayCFF713D3",
              },
              "/test-invoke-stage/GET/v1/requests",
            ],
          ],
        },
      },
      "Type": "AWS::Lambda::Permission",
    },
    "gameplayv1requestsGETApiPermissiontestgameplayE3B31E76GETv1requests2E75110D": Object {
      "Properties": Object {
        "Action": "lambda:InvokeFunction",
        "FunctionName": Object {
          "Fn::GetAtt": Array [
            "requestsC775BB57",
            "Arn",
          ],
        },
        "Principal": "apigateway.amazonaws.com",
        "SourceArn": Object {
          "Fn::Join": Array [
            "",
            Array [
              "arn:",
              Object {
                "Ref": "AWS::Partition",
              },
              ":execute-api:",
              Object {
                "Ref": "AWS::Region",
              },
              ":",
              Object {
                "Ref": "AWS::AccountId",
              },
              ":",
              Object {
                "Ref": "gameplayCFF713D3",
              },
              "/",
              Object {
                "Ref": "gameplayDeploymentStageprodCD6A8D4E",
              },
              "/GET/v1/requests",
            ],
          ],
        },
      },
      "Type": "AWS::Lambda::Permission",
    },
    "gameplayv1requestsPOST2A4681B6": Object {
      "Properties": Object {
        "AuthorizationType": "NONE",
        "HttpMethod": "POST",
        "Integration": Object {
          "IntegrationHttpMethod": "POST",
          "Type": "AWS_PROXY",
          "Uri": Object {
            "Fn::Join": Array [
              "",
              Array [
                "arn:",
                Object {
                  "Ref": "AWS::Partition",
                },
                ":apigateway:",
                Object {
                  "Ref": "AWS::Region",
                },
                ":lambda:path/2015-03-31/functions/",
                Object {
                  "Fn::GetAtt": Array [
                    "requestsC775BB57",
                    "Arn",
                  ],
                },
                "/invocations",
              ],
            ],
          },
        },
        "ResourceId": Object {
          "Ref": "gameplayv1requestsF499FC16",
        },
        "RestApiId": Object {
          "Ref": "gameplayCFF713D3",
        },
      },
      "Type": "AWS::ApiGateway::Method",
    },
    "gameplayv1requestsPOSTApiPermissionTesttestgameplayE3B31E76POSTv1requests8068908B": Object {
      "Properties": Object {
        "Action": "lambda:InvokeFunction",
        "FunctionName": Object {
          "Fn::GetAtt": Array [
            "requestsC775BB57",
            "Arn",
          ],
        },
        "Principal": "apigateway.amazonaws.com",
        "SourceArn": Object {
          "Fn::Join": Array [
            "",
            Array [
              "arn:",
              Object {
                "Ref": "AWS::Partition",
              },
              ":execute-api:",
              Object {
                "Ref": "AWS::Region",
              },
              ":",
              Object {
                "Ref": "AWS::AccountId",
              },
              ":",
              Object {
                "Ref": "gameplayCFF713D3",
              },
              "/test-invoke-stage/POST/v1/requests",
            ],
          ],
        },
      },
      "Type": "AWS::Lambda::Permission",
    },
    "gameplayv1requestsPOSTApiPermissiontestgameplayE3B31E76POSTv1requestsA8E84DF2": Object {
      "Properties": Object {
        "Action": "lambda:InvokeFunction",
        "FunctionName": Object {
          "Fn::GetAtt": Array [
            "requestsC775BB57",
            "Arn",
          ],
        },
        "Principal": "apigateway.amazonaws.com",
        "SourceArn": Object {
          "Fn::Join": Array [
            "",
            Array [
              "arn:",
              Object {
                "Ref": "AWS::Partition",
              },
              ":execute-api:",
              Object {
                "Ref": "AWS::Region",
              },
              ":",
              Object {
                "Ref": "AWS::AccountId",
              },
              ":",
              Object {
                "Ref": "gameplayCFF713D3",
              },
              "/",
              Object {
                "Ref": "gameplayDeploymentStageprodCD6A8D4E",
              },
              "/POST/v1/requests",
            ],
          ],
        },
      },
      "Type": "AWS::Lambda::Permission",
    },
    "gameplayv1requestsrequestIdE02902C3": Object {
      "Properties": Object {
        "ParentId": Object {
          "Ref": "gameplayv1requestsF499FC16",
        },
        "PathPart": "{requestId}",
        "RestApiId": Object {
          "Ref": "gameplayCFF713D3",
        },
      },
      "Type": "AWS::ApiGateway::Resource",
    },
    "gameplayv1requestsrequestIdPUT2A3654A7": Object {
      "Properties": Object {
        "AuthorizationType": "NONE",
        "HttpMethod": "PUT",
        "Integration": Object {
          "IntegrationHttpMethod": "POST",
          "Type": "AWS_PROXY",
          "Uri": Object {
            "Fn::Join": Array [
              "",
              Array [
                "arn:",
                Object {
                  "Ref": "AWS::Partition",
                },
                ":apigateway:",
                Object {
                  "Ref": "AWS::Region",
                },
                ":lambda:path/2015-03-31/functions/",
                Object {
                  "Fn::GetAtt": Array [
                    "requestsC775BB57",
                    "Arn",
                  ],
                },
                "/invocations",
              ],
            ],
          },
        },
        "ResourceId": Object {
          "Ref": "gameplayv1requestsrequestIdE02902C3",
        },
        "RestApiId": Object {
          "Ref": "gameplayCFF713D3",
        },
      },
      "Type": "AWS::ApiGateway::Method",
    },
    "gameplayv1requestsrequestIdPUTApiPermissionTesttestgameplayE3B31E76PUTv1requestsrequestIdCD333572": Object {
      "Properties": Object {
        "Action": "lambda:InvokeFunction",
        "FunctionName": Object {
          "Fn::GetAtt": Array [
            "requestsC775BB57",
            "Arn",
          ],
        },
        "Principal": "apigateway.amazonaws.com",
        "SourceArn": Object {
          "Fn::Join": Array [
            "",
            Array [
              "arn:",
              Object {
                "Ref": "AWS::Partition",
              },
              ":execute-api:",
              Object {
                "Ref": "AWS::Region",
              },
              ":",
              Object {
                "Ref": "AWS::AccountId",
              },
              ":",
              Object {
                "Ref": "gameplayCFF713D3",
              },
              "/test-invoke-stage/PUT/v1/requests/*",
            ],
          ],
        },
      },
      "Type": "AWS::Lambda::Permission",
    },
    "gameplayv1requestsrequestIdPUTApiPermissiontestgameplayE3B31E76PUTv1requestsrequestId47A65E6C": Object {
      "Properties": Object {
        "Action": "lambda:InvokeFunction",
        "FunctionName": Object {
          "Fn::GetAtt": Array [
            "requestsC775BB57",
            "Arn",
          ],
        },
        "Principal": "apigateway.amazonaws.com",
        "SourceArn": Object {
          "Fn::Join": Array [
            "",
            Array [
              "arn:",
              Object {
                "Ref": "AWS::Partition",
              },
              ":execute-api:",
              Object {
                "Ref": "AWS::Region",
              },
              ":",
              Object {
                "Ref": "AWS::AccountId",
              },
              ":",
              Object {
                "Ref": "gameplayCFF713D3",
              },
              "/",
              Object {
                "Ref": "gameplayDeploymentStageprodCD6A8D4E",
              },
              "/PUT/v1/requests/*",
            ],
          ],
        },
      },
      "Type": "AWS::Lambda::Permission",
    },
    "generateBatchLambdaRole0660E91E": Object {
      "Properties": Object {
        "AssumeRolePolicyDocument": Object {
          "Statement": Array [
            Object {
              "Action": "sts:AssumeRole",
              "Effect": "Allow",
              "Principal": Object {
                "Service": "lambda.amazonaws.com",
              },
            },
          ],
          "Version": "2012-10-17",
        },
        "ManagedPolicyArns": Array [
          Object {
            "Fn::Join": Array [
              "",
              Array [
                "arn:",
                Object {
                  "Ref": "AWS::Partition",
                },
                ":iam::aws:policy/service-role/AWSLambdaBasicExecutionRole",
              ],
            ],
          },
        ],
      },
      "Type": "AWS::IAM::Role",
    },
    "generateBatchLambdaRoleDefaultPolicy2B30E671": Object {
      "Properties": Object {
        "PolicyDocument": Object {
          "Statement": Array [
            Object {
              "Action": Array [
                "xray:PutTraceSegments",
                "xray:PutTelemetryRecords",
              ],
              "Effect": "Allow",
              "Resource": "*",
            },
            Object {
              "Action": Array [
                "dynamodb:BatchGetItem",
                "dynamodb:GetRecords",
                "dynamodb:GetShardIterator",
                "dynamodb:Query",
                "dynamodb:GetItem",
                "dynamodb:Scan",
                "dynamodb:ConditionCheckItem",
                "dynamodb:BatchWriteItem",
                "dynamodb:PutItem",
                "dynamodb:UpdateItem",
                "dynamodb:DeleteItem",
              ],
              "Effect": "Allow",
              "Resource": Array [
                Object {
                  "Fn::GetAtt": Array [
                    "data7E2128CA",
                    "Arn",
                  ],
                },
                Object {
                  "Fn::Join": Array [
                    "",
                    Array [
                      Object {
                        "Fn::GetAtt": Array [
                          "data7E2128CA",
                          "Arn",
                        ],
                      },
                      "/index/*",
                    ],
                  ],
                },
              ],
            },
          ],
          "Version": "2012-10-17",
        },
        "PolicyName": "generateBatchLambdaRoleDefaultPolicy2B30E671",
        "Roles": Array [
          Object {
            "Ref": "generateBatchLambdaRole0660E91E",
          },
        ],
      },
      "Type": "AWS::IAM::Policy",
    },
    "requestsC775BB57": Object {
      "DependsOn": Array [
        "generateBatchLambdaRoleDefaultPolicy2B30E671",
        "generateBatchLambdaRole0660E91E",
      ],
      "Properties": Object {
        "Code": Object {
          "S3Bucket": Object {
            "Ref": "AssetParameters007cddc6432877aa5880691a179f29b2b44a61766396d6912de97ff56b983360S3Bucket282AD72D",
          },
          "S3Key": Object {
            "Fn::Join": Array [
              "",
              Array [
                Object {
                  "Fn::Select": Array [
                    0,
                    Object {
                      "Fn::Split": Array [
                        "||",
                        Object {
                          "Ref": "AssetParameters007cddc6432877aa5880691a179f29b2b44a61766396d6912de97ff56b983360S3VersionKey34329E62",
                        },
                      ],
                    },
                  ],
                },
                Object {
                  "Fn::Select": Array [
                    1,
                    Object {
                      "Fn::Split": Array [
                        "||",
                        Object {
                          "Ref": "AssetParameters007cddc6432877aa5880691a179f29b2b44a61766396d6912de97ff56b983360S3VersionKey34329E62",
                        },
                      ],
                    },
                  ],
                },
              ],
            ],
          },
        },
        "Environment": Object {
          "Variables": Object {
            "AWS_NODEJS_CONNECTION_REUSE_ENABLED": "1",
            "REGION": Object {
              "Ref": "AWS::Region",
            },
            "TABLE_NAME": Object {
              "Ref": "data7E2128CA",
            },
          },
        },
        "Handler": "index.handler",
        "MemorySize": 2048,
        "Role": Object {
          "Fn::GetAtt": Array [
            "generateBatchLambdaRole0660E91E",
            "Arn",
          ],
        },
        "Runtime": "nodejs14.x",
        "Timeout": 60,
        "TracingConfig": Object {
          "Mode": "Active",
        },
      },
      "Type": "AWS::Lambda::Function",
    },
    "requestsLogRetention6E8BFD33": Object {
      "Properties": Object {
        "LogGroupName": Object {
          "Fn::Join": Array [
            "",
            Array [
              "/aws/lambda/",
              Object {
                "Ref": "requestsC775BB57",
              },
            ],
          ],
        },
        "RetentionInDays": 30,
        "ServiceToken": Object {
          "Fn::GetAtt": Array [
            "LogRetentionaae0aa3c5b4d4f87b02d85b201efdd8aFD4BFC8A",
            "Arn",
          ],
        },
      },
      "Type": "Custom::LogRetention",
    },
  },
}
`;
