// Jest Snapshot v1, https://goo.gl/fbAQLP

exports[`Snapshot 1`] = `
Object {
  "Mappings": Object {
    "AWSCloudFrontPartitionHostedZoneIdMap": Object {
      "aws": Object {
        "zoneId": "Z2FDTNDATAQYW2",
      },
      "aws-cn": Object {
        "zoneId": "Z3RFFRIM2A3IF5",
      },
    },
  },
  "Outputs": Object {
    "UiAccessUrl": Object {
      "Value": "https://game-play.home.dev.ZONE-NAME/",
    },
    "UiCloudFrontUrl": Object {
      "Value": Object {
        "Fn::Join": Array [
          "",
          Array [
            "https://",
            Object {
              "Fn::GetAtt": Array [
                "cfndistributionCFDistributionBEDBC4FD",
                "DomainName",
              ],
            },
            "/",
          ],
        ],
      },
    },
  },
  "Resources": Object {
    "cfndistributionCFDistributionBEDBC4FD": Object {
      "Properties": Object {
        "DistributionConfig": Object {
          "Aliases": Array [
            "game-play.home.dev.ZONE-NAME",
          ],
          "DefaultCacheBehavior": Object {
            "AllowedMethods": Array [
              "GET",
              "HEAD",
            ],
            "CachedMethods": Array [
              "GET",
              "HEAD",
            ],
            "Compress": true,
            "ForwardedValues": Object {
              "Cookies": Object {
                "Forward": "none",
              },
              "QueryString": false,
            },
            "TargetOriginId": "origin1",
            "ViewerProtocolPolicy": "redirect-to-https",
          },
          "DefaultRootObject": "index.html",
          "Enabled": true,
          "HttpVersion": "http2",
          "IPV6Enabled": true,
          "Origins": Array [
            Object {
              "ConnectionAttempts": 3,
              "ConnectionTimeout": 10,
              "DomainName": Object {
                "Fn::GetAtt": Array [
                  "webbucket77AC4F5E",
                  "RegionalDomainName",
                ],
              },
              "Id": "origin1",
              "S3OriginConfig": Object {
                "OriginAccessIdentity": Object {
                  "Fn::Join": Array [
                    "",
                    Array [
                      "origin-access-identity/cloudfront/",
                      Object {
                        "Ref": "weboai463C5C5E",
                      },
                    ],
                  ],
                },
              },
            },
          ],
          "PriceClass": "PriceClass_200",
          "Restrictions": Object {
            "GeoRestriction": Object {
              "Locations": Array [
                "JP",
              ],
              "RestrictionType": "whitelist",
            },
          },
          "ViewerCertificate": Object {
            "AcmCertificateArn": "CERT-ARN",
            "SslSupportMethod": "sni-only",
          },
        },
      },
      "Type": "AWS::CloudFront::Distribution",
    },
    "registerarecordE964B251": Object {
      "Properties": Object {
        "AliasTarget": Object {
          "DNSName": Object {
            "Fn::GetAtt": Array [
              "cfndistributionCFDistributionBEDBC4FD",
              "DomainName",
            ],
          },
          "HostedZoneId": Object {
            "Fn::FindInMap": Array [
              "AWSCloudFrontPartitionHostedZoneIdMap",
              Object {
                "Ref": "AWS::Partition",
              },
              "zoneId",
            ],
          },
        },
        "HostedZoneId": "ZONE-ID",
        "Name": "game-play.home.dev.ZONE-NAME.",
        "Type": "A",
      },
      "Type": "AWS::Route53::RecordSet",
    },
    "switcheruser399A4A6C": Object {
      "Type": "AWS::IAM::User",
    },
    "switcheruserDefaultPolicy18FDE554": Object {
      "Properties": Object {
        "PolicyDocument": Object {
          "Statement": Array [
            Object {
              "Action": Array [
                "dynamodb:BatchGetItem",
                "dynamodb:GetRecords",
                "dynamodb:GetShardIterator",
                "dynamodb:Query",
                "dynamodb:GetItem",
                "dynamodb:Scan",
                "dynamodb:ConditionCheckItem",
              ],
              "Effect": "Allow",
              "Resource": Array [
                Object {
                  "Fn::ImportValue": "api:ExportsOutputFnGetAttdata7E2128CAArn8009FBBA",
                },
                Object {
                  "Fn::Join": Array [
                    "",
                    Array [
                      Object {
                        "Fn::ImportValue": "api:ExportsOutputFnGetAttdata7E2128CAArn8009FBBA",
                      },
                      "/index/*",
                    ],
                  ],
                },
              ],
            },
          ],
          "Version": "2012-10-17",
        },
        "PolicyName": "switcheruserDefaultPolicy18FDE554",
        "Users": Array [
          Object {
            "Ref": "switcheruser399A4A6C",
          },
        ],
      },
      "Type": "AWS::IAM::Policy",
    },
    "webbucket77AC4F5E": Object {
      "DeletionPolicy": "Retain",
      "Properties": Object {
        "BucketEncryption": Object {
          "ServerSideEncryptionConfiguration": Array [
            Object {
              "ServerSideEncryptionByDefault": Object {
                "SSEAlgorithm": "AES256",
              },
            },
          ],
        },
        "PublicAccessBlockConfiguration": Object {
          "BlockPublicAcls": true,
          "BlockPublicPolicy": true,
          "IgnorePublicAcls": true,
          "RestrictPublicBuckets": true,
        },
      },
      "Type": "AWS::S3::Bucket",
      "UpdateReplacePolicy": "Retain",
    },
    "webbucketPolicy99027222": Object {
      "Properties": Object {
        "Bucket": Object {
          "Ref": "webbucket77AC4F5E",
        },
        "PolicyDocument": Object {
          "Statement": Array [
            Object {
              "Action": "s3:GetObject",
              "Effect": "Allow",
              "Principal": Object {
                "CanonicalUser": Object {
                  "Fn::GetAtt": Array [
                    "weboai463C5C5E",
                    "S3CanonicalUserId",
                  ],
                },
              },
              "Resource": Object {
                "Fn::Join": Array [
                  "",
                  Array [
                    Object {
                      "Fn::GetAtt": Array [
                        "webbucket77AC4F5E",
                        "Arn",
                      ],
                    },
                    "/*",
                  ],
                ],
              },
            },
          ],
          "Version": "2012-10-17",
        },
      },
      "Type": "AWS::S3::BucketPolicy",
    },
    "weboai463C5C5E": Object {
      "Properties": Object {
        "CloudFrontOriginAccessIdentityConfig": Object {
          "Comment": "s3 access.",
        },
      },
      "Type": "AWS::CloudFront::CloudFrontOriginAccessIdentity",
    },
  },
}
`;
